###############################################################################
#
# IAR ELF Linker V8.30.1.114/W32 for ARM                  11/Jul/2021  04:34:03
# Copyright 2007-2018 IAR Systems AB.
#
#    Output file  =  
#        C:\Users\NHAT_HOANG\Desktop\file code DA1
#        FULL\DA1LA\EWARM\DA1LA\Exe\DA1LA.out
#    Map file     =  
#        C:\Users\NHAT_HOANG\Desktop\file code DA1
#        FULL\DA1LA\EWARM\DA1LA\List\DA1LA.map
#    Command line =  
#        -f C:\Users\NHAT_H~1\AppData\Local\Temp\EW110E.tmp
#        ("C:\Users\NHAT_HOANG\Desktop\file code DA1
#        FULL\DA1LA\EWARM\DA1LA\Obj\main.o" "C:\Users\NHAT_HOANG\Desktop\file
#        code DA1 FULL\DA1LA\EWARM\DA1LA\Obj\startup_stm32f103xb.o"
#        "C:\Users\NHAT_HOANG\Desktop\file code DA1
#        FULL\DA1LA\EWARM\DA1LA\Obj\stm32f1xx_hal.o"
#        "C:\Users\NHAT_HOANG\Desktop\file code DA1
#        FULL\DA1LA\EWARM\DA1LA\Obj\stm32f1xx_hal_cortex.o"
#        "C:\Users\NHAT_HOANG\Desktop\file code DA1
#        FULL\DA1LA\EWARM\DA1LA\Obj\stm32f1xx_hal_dma.o"
#        "C:\Users\NHAT_HOANG\Desktop\file code DA1
#        FULL\DA1LA\EWARM\DA1LA\Obj\stm32f1xx_hal_exti.o"
#        "C:\Users\NHAT_HOANG\Desktop\file code DA1
#        FULL\DA1LA\EWARM\DA1LA\Obj\stm32f1xx_hal_flash.o"
#        "C:\Users\NHAT_HOANG\Desktop\file code DA1
#        FULL\DA1LA\EWARM\DA1LA\Obj\stm32f1xx_hal_flash_ex.o"
#        "C:\Users\NHAT_HOANG\Desktop\file code DA1
#        FULL\DA1LA\EWARM\DA1LA\Obj\stm32f1xx_hal_gpio.o"
#        "C:\Users\NHAT_HOANG\Desktop\file code DA1
#        FULL\DA1LA\EWARM\DA1LA\Obj\stm32f1xx_hal_gpio_ex.o"
#        "C:\Users\NHAT_HOANG\Desktop\file code DA1
#        FULL\DA1LA\EWARM\DA1LA\Obj\stm32f1xx_hal_msp.o"
#        "C:\Users\NHAT_HOANG\Desktop\file code DA1
#        FULL\DA1LA\EWARM\DA1LA\Obj\stm32f1xx_hal_pwr.o"
#        "C:\Users\NHAT_HOANG\Desktop\file code DA1
#        FULL\DA1LA\EWARM\DA1LA\Obj\stm32f1xx_hal_rcc.o"
#        "C:\Users\NHAT_HOANG\Desktop\file code DA1
#        FULL\DA1LA\EWARM\DA1LA\Obj\stm32f1xx_hal_rcc_ex.o"
#        "C:\Users\NHAT_HOANG\Desktop\file code DA1
#        FULL\DA1LA\EWARM\DA1LA\Obj\stm32f1xx_hal_tim.o"
#        "C:\Users\NHAT_HOANG\Desktop\file code DA1
#        FULL\DA1LA\EWARM\DA1LA\Obj\stm32f1xx_hal_tim_ex.o"
#        "C:\Users\NHAT_HOANG\Desktop\file code DA1
#        FULL\DA1LA\EWARM\DA1LA\Obj\stm32f1xx_it.o"
#        "C:\Users\NHAT_HOANG\Desktop\file code DA1
#        FULL\DA1LA\EWARM\DA1LA\Obj\system_stm32f1xx.o" --redirect
#        _Printf=_PrintfFullNoMb --redirect _Scanf=_ScanfFullNoMb
#        --no_out_extension -o "C:\Users\NHAT_HOANG\Desktop\file code DA1
#        FULL\DA1LA\EWARM\DA1LA\Exe\DA1LA.out" --map
#        "C:\Users\NHAT_HOANG\Desktop\file code DA1
#        FULL\DA1LA\EWARM\DA1LA\List\DA1LA.map" --config "C:\Program Files
#        (x86)\IAR Systems\Embedded Workbench
#        8.1\arm\config\linker\ST\stm32f103x8.icf" --semihosting --entry
#        __iar_program_start --vfe --text_out locale)
#
###############################################################################

*******************************************************************************
*** RUNTIME MODEL ATTRIBUTES
***

CppFlavor       = *
__SystemLibrary = DLib
__dlib_version  = 6


*******************************************************************************
*** HEAP SELECTION
***

The basic heap was selected because no calls to memory allocation
functions were found in the application outside of system library
functions, and there are calls to deallocation functions in the
application.


*******************************************************************************
*** PLACEMENT SUMMARY
***

"A0":  place at 0x800'0000 { ro section .intvec };
"P1":  place in [from 0x800'0000 to 0x800'ffff] { ro };
define block CSTACK with size = 2K, alignment = 8 { };
define block HEAP with size = 2K, alignment = 8 { };
"P2":  place in [from 0x2000'0000 to 0x2000'4fff] {
          rw, block CSTACK, block HEAP };
initialize by copy { rw };

  Section            Kind         Address    Size  Object
  -------            ----         -------    ----  ------
"A0":                                        0xec
  .intvec            ro code   0x800'0000    0xec  startup_stm32f103xb.o [1]
                             - 0x800'00ec    0xec

"P1":                                      0x1c9d
  .text              ro code   0x800'00ec   0xa24  main.o [1]
  .text              ro code   0x800'0b10   0x218  stm32f1xx_hal_gpio.o [1]
  .text              ro code   0x800'0d28    0x24  stm32f1xx_hal.o [1]
  .text              ro code   0x800'0d4c    0x28  stm32f1xx_hal.o [1]
  .text              ro code   0x800'0d74   0x428  stm32f1xx_hal_tim.o [1]
  .text              ro code   0x800'119c     0x6  ABImemclr4.o [3]
  .text              ro code   0x800'11a2    0x3a  zero_init3.o [3]
  .text              ro code   0x800'11dc   0x5e4  stm32f1xx_hal_rcc.o [1]
  .text              ro code   0x800'17c0    0x7c  stm32f1xx_hal_tim_ex.o [1]
  .text              ro code   0x800'183c   0x12c  stm32f1xx_hal_cortex.o [1]
  .text              ro code   0x800'1968    0x4c  stm32f1xx_hal.o [1]
  .text              ro code   0x800'19b4    0xac  stm32f1xx_hal_msp.o [1]
  .text              ro code   0x800'1a60     0xc  stm32f1xx_hal.o [1]
  .text              ro code   0x800'1a6c     0x2  stm32f1xx_hal_tim.o [1]
  .text              ro code   0x800'1a6e     0x2  stm32f1xx_hal_tim.o [1]
  .text              ro code   0x800'1a70     0x2  stm32f1xx_hal_tim.o [1]
  .text              ro code   0x800'1a72     0x2  stm32f1xx_hal_tim_ex.o [1]
  .text              ro code   0x800'1a74     0x2  stm32f1xx_hal_tim.o [1]
  .text              ro code   0x800'1a76     0x2  stm32f1xx_hal_tim_ex.o [1]
  .text              ro code   0x800'1a78    0x32  ABImemset48.o [3]
  .rodata            const     0x800'1aaa     0x2  stm32f1xx_hal_rcc.o [1]
  .text              ro code   0x800'1aac    0x86  ABImemcpy.o [3]
  .text              ro code   0x800'1b32    0x38  packbits_init_single.o [3]
  .text              ro code   0x800'1b6c    0x34  stm32f1xx_it.o [1]
  .text              ro code   0x800'1ba0    0x18  stm32f1xx_hal.o [1]
  .text              ro code   0x800'1bb8    0x28  data_init.o [3]
  .iar.init_table    const     0x800'1be0    0x20  - Linker created -
  .text              ro code   0x800'1c00    0x1e  cmain.o [3]
  .text              ro code   0x800'1c1e     0x4  low_level_init.o [2]
  .text              ro code   0x800'1c22     0x4  exit.o [2]
  .text              ro code   0x800'1c28     0xa  cexit.o [3]
  .text              ro code   0x800'1c34    0x14  exit.o [4]
  .rodata            const     0x800'1c48    0x10  stm32f1xx_hal_rcc.o [1]
  .rodata            const     0x800'1c58    0x10  system_stm32f1xx.o [1]
  .text              ro code   0x800'1c68    0x10  startup_stm32f103xb.o [1]
  .text              ro code   0x800'1c78     0xc  cstartup_M.o [3]
  .rodata            const     0x800'1c84     0x8  main.o [1]
  .rodata            const     0x800'1c8c     0x8  main.o [1]
  .text              ro code   0x800'1c94     0x4  startup_stm32f103xb.o [1]
  .text              ro code   0x800'1c98     0x4  startup_stm32f103xb.o [1]
  .text              ro code   0x800'1c9c     0x4  startup_stm32f103xb.o [1]
  .text              ro code   0x800'1ca0     0x4  startup_stm32f103xb.o [1]
  .text              ro code   0x800'1ca4     0x4  startup_stm32f103xb.o [1]
  .text              ro code   0x800'1ca8     0x4  startup_stm32f103xb.o [1]
  .text              ro code   0x800'1cac     0x4  startup_stm32f103xb.o [1]
  .text              ro code   0x800'1cb0     0x4  startup_stm32f103xb.o [1]
  .text              ro code   0x800'1cb4     0x4  startup_stm32f103xb.o [1]
  .text              ro code   0x800'1cb8     0x4  startup_stm32f103xb.o [1]
  .text              ro code   0x800'1cbc     0x4  startup_stm32f103xb.o [1]
  .text              ro code   0x800'1cc0     0x4  startup_stm32f103xb.o [1]
  .text              ro code   0x800'1cc4     0x4  startup_stm32f103xb.o [1]
  .text              ro code   0x800'1cc8     0x4  startup_stm32f103xb.o [1]
  .text              ro code   0x800'1ccc     0x4  startup_stm32f103xb.o [1]
  .text              ro code   0x800'1cd0     0x4  startup_stm32f103xb.o [1]
  .text              ro code   0x800'1cd4     0x4  startup_stm32f103xb.o [1]
  .text              ro code   0x800'1cd8     0x4  startup_stm32f103xb.o [1]
  .text              ro code   0x800'1cdc     0x4  startup_stm32f103xb.o [1]
  .text              ro code   0x800'1ce0     0x4  startup_stm32f103xb.o [1]
  .text              ro code   0x800'1ce4     0x4  startup_stm32f103xb.o [1]
  .text              ro code   0x800'1ce8     0x4  startup_stm32f103xb.o [1]
  .text              ro code   0x800'1cec     0x4  startup_stm32f103xb.o [1]
  .text              ro code   0x800'1cf0     0x4  startup_stm32f103xb.o [1]
  .text              ro code   0x800'1cf4     0x4  startup_stm32f103xb.o [1]
  .text              ro code   0x800'1cf8     0x4  startup_stm32f103xb.o [1]
  .text              ro code   0x800'1cfc     0x4  startup_stm32f103xb.o [1]
  .text              ro code   0x800'1d00     0x4  startup_stm32f103xb.o [1]
  .text              ro code   0x800'1d04     0x4  startup_stm32f103xb.o [1]
  .text              ro code   0x800'1d08     0x4  startup_stm32f103xb.o [1]
  .text              ro code   0x800'1d0c     0x4  startup_stm32f103xb.o [1]
  .text              ro code   0x800'1d10     0x4  startup_stm32f103xb.o [1]
  .text              ro code   0x800'1d14     0x4  startup_stm32f103xb.o [1]
  .text              ro code   0x800'1d18     0x4  startup_stm32f103xb.o [1]
  .text              ro code   0x800'1d1c     0x4  startup_stm32f103xb.o [1]
  .text              ro code   0x800'1d20     0x4  startup_stm32f103xb.o [1]
  .text              ro code   0x800'1d24     0x4  startup_stm32f103xb.o [1]
  .text              ro code   0x800'1d28     0x4  startup_stm32f103xb.o [1]
  .text              ro code   0x800'1d2c     0x4  startup_stm32f103xb.o [1]
  .text              ro code   0x800'1d30     0x4  startup_stm32f103xb.o [1]
  .text              ro code   0x800'1d34     0x4  startup_stm32f103xb.o [1]
  .text              ro code   0x800'1d38     0x2  system_stm32f1xx.o [1]
  .rodata            const     0x800'1d3a     0x0  zero_init3.o [3]
  .rodata            const     0x800'1d3a     0x0  packbits_init_single.o [3]
  Initializer bytes  const     0x800'1d3a    0x4f  <for P2-1>
                             - 0x800'1d89  0x1c9d

"P2", part 1 of 3:                           0xb1
  P2-1                        0x2000'0000    0xb1  <Init block>
    .data            inited   0x2000'0000    0xa0  main.o [1]
    .data            inited   0x2000'00a0     0x4  stm32f1xx_hal.o [1]
    .data            inited   0x2000'00a4     0x4  system_stm32f1xx.o [1]
    .data            inited   0x2000'00a8     0x1  main.o [1]
    .data            inited   0x2000'00a9     0x1  main.o [1]
    .data            inited   0x2000'00aa     0x1  main.o [1]
    .data            inited   0x2000'00ab     0x1  main.o [1]
    .data            inited   0x2000'00ac     0x1  main.o [1]
    .data            inited   0x2000'00ad     0x1  main.o [1]
    .data            inited   0x2000'00ae     0x1  main.o [1]
    .data            inited   0x2000'00af     0x1  main.o [1]
    .data            inited   0x2000'00b0     0x1  stm32f1xx_hal.o [1]
                            - 0x2000'00b1    0xb1

"P2", part 2 of 3:                           0x9c
  .bss               zero     0x2000'00b4    0x48  main.o [1]
  .bss               zero     0x2000'00fc    0x48  main.o [1]
  .bss               zero     0x2000'0144     0x4  stm32f1xx_hal.o [1]
  .bss               zero     0x2000'0148     0x2  main.o [1]
  .bss               zero     0x2000'014a     0x1  main.o [1]
  .bss               zero     0x2000'014b     0x1  main.o [1]
  .bss               zero     0x2000'014c     0x1  main.o [1]
  .bss               zero     0x2000'014d     0x1  main.o [1]
  .bss               zero     0x2000'014e     0x1  main.o [1]
  .bss               zero     0x2000'014f     0x1  main.o [1]
                            - 0x2000'0150    0x9c

"P2", part 3 of 3:                          0x800
  CSTACK                      0x2000'0150   0x800  <Block>
    CSTACK           uninit   0x2000'0150   0x800  <Block tail>
                            - 0x2000'0950   0x800

Unused ranges:

         From           To    Size
         ----           --    ----
   0x800'1d89   0x800'ffff  0xe277
  0x2000'00b1  0x2000'00b3     0x3
  0x2000'0950  0x2000'4fff  0x46b0


*******************************************************************************
*** INIT TABLE
***

          Address      Size
          -------      ----
Zero (__iar_zero_init3)
    1 destination range, total size 0x9c:
          0x2000'00b4  0x9c

Copy/packbits (__iar_packbits_init_single3)
    1 source range, total size 0x4f (44% of destination):
           0x800'1d3a  0x4f
    1 destination range, total size 0xb1:
          0x2000'0000  0xb1



*******************************************************************************
*** MODULE SUMMARY
***

    Module                  ro code  ro data  rw data
    ------                  -------  -------  -------
command line/config:
    -------------------------------------------------
    Total:

C:\Users\NHAT_HOANG\Desktop\file code DA1 FULL\DA1LA\EWARM\DA1LA\Obj: [1]
    main.o                    2 596       91      320
    startup_stm32f103xb.o       416
    stm32f1xx_hal.o             188        3        9
    stm32f1xx_hal_cortex.o      300
    stm32f1xx_hal_gpio.o        536
    stm32f1xx_hal_msp.o         172
    stm32f1xx_hal_rcc.o       1 508       18
    stm32f1xx_hal_tim.o       1 072
    stm32f1xx_hal_tim_ex.o      128
    stm32f1xx_it.o               52
    system_stm32f1xx.o            2       17        4
    -------------------------------------------------
    Total:                    6 970      129      333

dl7M_tln.a: [2]
    exit.o                        4
    low_level_init.o              4
    -------------------------------------------------
    Total:                        8

rt7M_tl.a: [3]
    ABImemclr4.o                  6
    ABImemcpy.o                 134
    ABImemset48.o                50
    cexit.o                      10
    cmain.o                      30
    cstartup_M.o                 12
    data_init.o                  40
    packbits_init_single.o       56
    zero_init3.o                 58
    -------------------------------------------------
    Total:                      396

shb_l.a: [4]
    exit.o                       20
    -------------------------------------------------
    Total:                       20

    Gaps                          6
    Linker created                        32    2 048
-----------------------------------------------------
    Grand Total:              7 400      161    2 381


*******************************************************************************
*** ENTRY LIST
***

Entry                       Address   Size  Type      Object
-----                       -------   ----  ----      ------
.iar.init_table$$Base    0x800'1be0          --   Gb  - Linker created -
.iar.init_table$$Limit   0x800'1c00          --   Gb  - Linker created -
?main                    0x800'1c01         Code  Gb  cmain.o [3]
AHBPrescTable            0x800'1c58   0x10  Data  Gb  system_stm32f1xx.o [1]
BusFault_Handler         0x800'1b73    0x2  Code  Gb  stm32f1xx_it.o [1]
CSTACK$$Base            0x2000'0150          --   Gb  - Linker created -
CSTACK$$Limit           0x2000'0950          --   Gb  - Linker created -
DebugMon_Handler         0x800'1b79    0x2  Code  Gb  stm32f1xx_it.o [1]
Error_Handler            0x800'0b0d    0x4  Code  Gb  main.o [1]
HAL_Delay                0x800'0d4d   0x28  Code  Wk  stm32f1xx_hal.o [1]
HAL_GPIO_Init            0x800'0b11  0x1b0  Code  Gb  stm32f1xx_hal_gpio.o [1]
HAL_GPIO_ReadPin         0x800'0cc1   0x12  Code  Gb  stm32f1xx_hal_gpio.o [1]
HAL_GPIO_WritePin        0x800'0cd3   0x14  Code  Gb  stm32f1xx_hal_gpio.o [1]
HAL_GetTick              0x800'1a61    0xc  Code  Wk  stm32f1xx_hal.o [1]
HAL_IncTick              0x800'1ba1   0x18  Code  Wk  stm32f1xx_hal.o [1]
HAL_Init                 0x800'0d29   0x20  Code  Gb  stm32f1xx_hal.o [1]
HAL_InitTick             0x800'1969   0x4c  Code  Wk  stm32f1xx_hal.o [1]
HAL_MspInit              0x800'19b5   0x3c  Code  Gb  stm32f1xx_hal_msp.o [1]
HAL_NVIC_EnableIRQ       0x800'1935    0xa  Code  Gb  stm32f1xx_hal_cortex.o [1]
HAL_NVIC_SetPriority     0x800'1913   0x22  Code  Gb  stm32f1xx_hal_cortex.o [1]
HAL_NVIC_SetPriorityGrouping
                         0x800'190b    0x8  Code  Gb  stm32f1xx_hal_cortex.o [1]
HAL_RCC_ClockConfig      0x800'15af  0x146  Code  Gb  stm32f1xx_hal_rcc.o [1]
HAL_RCC_GetSysClockFreq
                         0x800'16f5   0x62  Code  Gb  stm32f1xx_hal_rcc.o [1]
HAL_RCC_OscConfig        0x800'11dd  0x3d2  Code  Gb  stm32f1xx_hal_rcc.o [1]
HAL_SYSTICK_Config       0x800'193f    0x8  Code  Gb  stm32f1xx_hal_cortex.o [1]
HAL_TIMEx_BreakCallback
                         0x800'1a73    0x2  Code  Wk  stm32f1xx_hal_tim_ex.o [1]
HAL_TIMEx_CommutCallback
                         0x800'1a77    0x2  Code  Wk  stm32f1xx_hal_tim_ex.o [1]
HAL_TIMEx_MasterConfigSynchronization
                         0x800'17c1   0x6c  Code  Gb  stm32f1xx_hal_tim_ex.o [1]
HAL_TIM_Base_Init        0x800'0d75   0x6e  Code  Gb  stm32f1xx_hal_tim.o [1]
HAL_TIM_Base_MspInit     0x800'19f1   0x5e  Code  Gb  stm32f1xx_hal_msp.o [1]
HAL_TIM_Base_Start_IT    0x800'0de3   0x6e  Code  Gb  stm32f1xx_hal_tim.o [1]
HAL_TIM_ConfigClockSource
                         0x800'0fd3   0xe8  Code  Gb  stm32f1xx_hal_tim.o [1]
HAL_TIM_IRQHandler       0x800'0e5d  0x176  Code  Gb  stm32f1xx_hal_tim.o [1]
HAL_TIM_PeriodElapsedCallback
                         0x800'05e9  0x1f2  Code  Gb  main.o [1]
HardFault_Handler        0x800'1b6f    0x2  Code  Gb  stm32f1xx_it.o [1]
MX_GPIO_Init             0x800'09e9   0xc0  Code  Lc  main.o [1]
MX_TIM2_Init             0x800'0901   0x74  Code  Lc  main.o [1]
MX_TIM3_Init             0x800'0975   0x74  Code  Lc  main.o [1]
MemManage_Handler        0x800'1b71    0x2  Code  Gb  stm32f1xx_it.o [1]
NMI_Handler              0x800'1b6d    0x2  Code  Gb  stm32f1xx_it.o [1]
NVIC_EncodePriority      0x800'18a1   0x3c  Code  Lc  stm32f1xx_hal_cortex.o [1]
PendSV_Handler           0x800'1b7b    0x2  Code  Gb  stm32f1xx_it.o [1]
RCC_Delay                0x800'1757   0x24  Code  Lc  stm32f1xx_hal_rcc.o [1]
Region$$Table$$Base      0x800'1be0          --   Gb  - Linker created -
Region$$Table$$Limit     0x800'1c00          --   Gb  - Linker created -
SVC_Handler              0x800'1b77    0x2  Code  Gb  stm32f1xx_it.o [1]
SysTick_Config           0x800'18dd   0x2e  Code  Lc  stm32f1xx_hal_cortex.o [1]
SysTick_Handler          0x800'1b7d    0x8  Code  Gb  stm32f1xx_it.o [1]
SystemClock_Config       0x800'089d   0x64  Code  Gb  main.o [1]
SystemCoreClock         0x2000'00a4    0x4  Data  Gb  system_stm32f1xx.o [1]
SystemInit               0x800'1d39    0x2  Code  Gb  system_stm32f1xx.o [1]
TIM2_IRQHandler          0x800'1b85    0xa  Code  Gb  stm32f1xx_it.o [1]
TIM3_IRQHandler          0x800'1b8f    0xa  Code  Gb  stm32f1xx_it.o [1]
TIM_Base_SetConfig       0x800'10bb   0x64  Code  Gb  stm32f1xx_hal_tim.o [1]
TIM_ETR_SetConfig        0x800'1187   0x16  Code  Gb  stm32f1xx_hal_tim.o [1]
TIM_ITRx_SetConfig       0x800'1177   0x10  Code  Lc  stm32f1xx_hal_tim.o [1]
TIM_TI1_ConfigInputStage
                         0x800'112d   0x24  Code  Lc  stm32f1xx_hal_tim.o [1]
TIM_TI2_ConfigInputStage
                         0x800'1151   0x26  Code  Lc  stm32f1xx_hal_tim.o [1]
UsageFault_Handler       0x800'1b75    0x2  Code  Gb  stm32f1xx_it.o [1]
__NVIC_EnableIRQ         0x800'1861   0x1c  Code  Lc  stm32f1xx_hal_cortex.o [1]
__NVIC_GetPriorityGrouping
                         0x800'1857    0xa  Code  Lc  stm32f1xx_hal_cortex.o [1]
__NVIC_SetPriority       0x800'187d   0x24  Code  Lc  stm32f1xx_hal_cortex.o [1]
__NVIC_SetPriorityGrouping
                         0x800'183d   0x1a  Code  Lc  stm32f1xx_hal_cortex.o [1]
__aeabi_memclr4          0x800'119d         Code  Gb  ABImemclr4.o [3]
__aeabi_memcpy4          0x800'1aad         Code  Gb  ABImemcpy.o [3]
__aeabi_memcpy8          0x800'1aad         Code  Gb  ABImemcpy.o [3]
__cmain                  0x800'1c01         Code  Gb  cmain.o [3]
__exit                   0x800'1c35   0x14  Code  Gb  exit.o [4]
__iar_Memset4_word       0x800'1a79         Code  Gb  ABImemset48.o [3]
__iar_Memset8_word       0x800'1a79         Code  Gb  ABImemset48.o [3]
__iar_data_init3         0x800'1bb9   0x28  Code  Gb  data_init.o [3]
__iar_packbits_init_single3
                         0x800'1b33   0x38  Code  Gb  packbits_init_single.o [3]
__iar_program_start      0x800'1c79         Code  Gb  cstartup_M.o [3]
__iar_zero_init3         0x800'11a3   0x3a  Code  Gb  zero_init3.o [3]
__low_level_init         0x800'1c1f    0x4  Code  Gb  low_level_init.o [2]
__vector_table           0x800'0000         Data  Gb  startup_stm32f103xb.o [1]
_call_main               0x800'1c0d         Code  Gb  cmain.o [3]
_exit                    0x800'1c29         Code  Gb  cexit.o [3]
_main                    0x800'1c1b         Code  Gb  cmain.o [3]
btn                     0x2000'0148    0x2  Data  Gb  main.o [1]
cnt1                    0x2000'00aa    0x1  Data  Gb  main.o [1]
cnt2                    0x2000'00ab    0x1  Data  Gb  main.o [1]
cnt3                    0x2000'00ac    0x1  Data  Gb  main.o [1]
cnt4                    0x2000'00ad    0x1  Data  Gb  main.o [1]
cnt5                    0x2000'00ae    0x1  Data  Gb  main.o [1]
cnt6                    0x2000'00af    0x1  Data  Gb  main.o [1]
den1                     0x800'02fb  0x16e  Code  Gb  main.o [1]
den2                     0x800'0469  0x180  Code  Gb  main.o [1]
disp1                    0x800'00ed  0x108  Code  Gb  main.o [1]
disp2                    0x800'01f5  0x106  Code  Gb  main.o [1]
exit                     0x800'1c23    0x4  Code  Gb  exit.o [2]
htim2                   0x2000'00b4   0x48  Data  Gb  main.o [1]
htim3                   0x2000'00fc   0x48  Data  Gb  main.o [1]
main                     0x800'07db   0xc2  Code  Gb  main.o [1]
seven_seg_digits        0x2000'0000   0xa0  Data  Gb  main.o [1]
step_do1                0x2000'00a8    0x1  Data  Gb  main.o [1]
step_do2                0x2000'014e    0x1  Data  Gb  main.o [1]
step_vang1              0x2000'014c    0x1  Data  Gb  main.o [1]
step_vang2              0x2000'014f    0x1  Data  Gb  main.o [1]
step_xanh1              0x2000'014d    0x1  Data  Gb  main.o [1]
step_xanh2              0x2000'00a9    0x1  Data  Gb  main.o [1]
stepbtndx               0x2000'014b    0x1  Data  Gb  main.o [1]
stepbtnv                0x2000'014a    0x1  Data  Gb  main.o [1]
uwTick                  0x2000'0144    0x4  Data  Gb  stm32f1xx_hal.o [1]
uwTickFreq              0x2000'00b0    0x1  Data  Gb  stm32f1xx_hal.o [1]
uwTickPrio              0x2000'00a0    0x4  Data  Gb  stm32f1xx_hal.o [1]


[1] = C:\Users\NHAT_HOANG\Desktop\file code DA1 FULL\DA1LA\EWARM\DA1LA\Obj
[2] = dl7M_tln.a
[3] = rt7M_tl.a
[4] = shb_l.a

  7 400 bytes of readonly  code memory
    161 bytes of readonly  data memory
  2 381 bytes of readwrite data memory

Errors: none
Warnings: none
